== MAIN ports=1 onupd=0 ==
### main query1
SELECT SQL_NO_CACHE action, hostname, snmp_community, snmp_version, snmp_username, snmp_password, rrd_name, rrd_path, arg1, arg2, arg3, local_data_id, rrd_num, snmp_port, snmp_timeout, snmp_auth_protocol, snmp_priv_passphrase, snmp_priv_protocol, snmp_context, snmp_engine_id, 'RE' AS re FROM poller_item WHERE host_id = 42 AND deleted = '' LIMIT 0,100
### main query2
SELECT SQL_NO_CACHE id, hostname, snmp_community, snmp_version, snmp_username, snmp_password, snmp_auth_protocol, snmp_priv_passphrase, snmp_priv_protocol, snmp_context, snmp_engine_id, snmp_port, snmp_timeout, max_oids, availability_method, ping_method, ping_port, ping_timeout, ping_retries, status, status_event_count, UNIX_TIMESTAMP(status_fail_date), UNIX_TIMESTAMP(status_rec_date), status_last_error, min_time, max_time, cur_time, avg_time, total_polls, failed_polls, availability, snmp_sysUpTimeInstance, snmp_sysDescr, snmp_sysObjectID, snmp_sysContact, snmp_sysName, snmp_sysLocation FROM host WHERE id = 42 AND deleted = ''
### main query4
SELECT SQL_NO_CACHE data_query_id, action, op, assert_value, arg1 FROM poller_reindex WHERE host_id = 42
### main query5
SELECT SQL_NO_CACHE action, hostname, snmp_community, snmp_version, snmp_username, snmp_password, rrd_name, rrd_path, arg1, arg2, arg3, local_data_id, rrd_num, snmp_port, snmp_timeout, snmp_auth_protocol, snmp_priv_passphrase, snmp_priv_protocol, snmp_context, snmp_engine_id, 'RE' AS re FROM poller_item WHERE host_id = 42 LIMIT 0,100
### main query6
UPDATE poller_item SET rrd_next_step = IF(rrd_step = 60, 0, IF(rrd_next_step - 60 < 0, rrd_step - 60, rrd_next_step - 60)) WHERE host_id = 42
### main query8
INSERT INTO poller_output (local_data_id, rrd_name, time, output) VALUES
### main query9
SELECT SQL_NO_CACHE snmp_port, count(snmp_port) FROM poller_item WHERE host_id = 42 GROUP BY snmp_port LIMIT 0,100
### main query10
SELECT SQL_NO_CACHE snmp_port, count(snmp_port) FROM poller_item WHERE host_id = 42 GROUP BY snmp_port LIMIT 0,100
### main posuffix
 ON DUPLICATE KEY UPDATE output=VALUES(output)
== MAIN ports=1 onupd=1 ==
### main query1
SELECT SQL_NO_CACHE action, hostname, snmp_community, snmp_version, snmp_username, snmp_password, rrd_name, rrd_path, arg1, arg2, arg3, local_data_id, rrd_num, snmp_port, snmp_timeout, snmp_auth_protocol, snmp_priv_passphrase, snmp_priv_protocol, snmp_context, snmp_engine_id, 'RE' AS re FROM poller_item WHERE host_id = 42 AND deleted = '' LIMIT 0,100
### main query2
SELECT SQL_NO_CACHE id, hostname, snmp_community, snmp_version, snmp_username, snmp_password, snmp_auth_protocol, snmp_priv_passphrase, snmp_priv_protocol, snmp_context, snmp_engine_id, snmp_port, snmp_timeout, max_oids, availability_method, ping_method, ping_port, ping_timeout, ping_retries, status, status_event_count, UNIX_TIMESTAMP(status_fail_date), UNIX_TIMESTAMP(status_rec_date), status_last_error, min_time, max_time, cur_time, avg_time, total_polls, failed_polls, availability, snmp_sysUpTimeInstance, snmp_sysDescr, snmp_sysObjectID, snmp_sysContact, snmp_sysName, snmp_sysLocation FROM host WHERE id = 42 AND deleted = ''
### main query4
SELECT SQL_NO_CACHE data_query_id, action, op, assert_value, arg1 FROM poller_reindex WHERE host_id = 42
### main query5
SELECT SQL_NO_CACHE action, hostname, snmp_community, snmp_version, snmp_username, snmp_password, rrd_name, rrd_path, arg1, arg2, arg3, local_data_id, rrd_num, snmp_port, snmp_timeout, snmp_auth_protocol, snmp_priv_passphrase, snmp_priv_protocol, snmp_context, snmp_engine_id, 'RE' AS re FROM poller_item WHERE host_id = 42 LIMIT 0,100
### main query6
UPDATE poller_item SET rrd_next_step = IF(rrd_step = 60, 0, IF(rrd_next_step - 60 < 0, rrd_step - 60, rrd_next_step - 60)) WHERE host_id = 42
### main query8
INSERT INTO poller_output (local_data_id, rrd_name, time, output) VALUES
### main query9
SELECT SQL_NO_CACHE snmp_port, count(snmp_port) FROM poller_item WHERE host_id = 42 GROUP BY snmp_port LIMIT 0,100
### main query10
SELECT SQL_NO_CACHE snmp_port, count(snmp_port) FROM poller_item WHERE host_id = 42 GROUP BY snmp_port LIMIT 0,100
### main posuffix
 AS rs ON DUPLICATE KEY UPDATE output=rs.output
== MAIN ports=2 onupd=0 ==
### main query1
SELECT SQL_NO_CACHE action, hostname, snmp_community, snmp_version, snmp_username, snmp_password, rrd_name, rrd_path, arg1, arg2, arg3, local_data_id, rrd_num, snmp_port, snmp_timeout, snmp_auth_protocol, snmp_priv_passphrase, snmp_priv_protocol, snmp_context, snmp_engine_id, 'RE' AS re FROM poller_item WHERE host_id = 42 AND deleted = '' ORDER BY snmp_port LIMIT 0,100
### main query2
SELECT SQL_NO_CACHE id, hostname, snmp_community, snmp_version, snmp_username, snmp_password, snmp_auth_protocol, snmp_priv_passphrase, snmp_priv_protocol, snmp_context, snmp_engine_id, snmp_port, snmp_timeout, max_oids, availability_method, ping_method, ping_port, ping_timeout, ping_retries, status, status_event_count, UNIX_TIMESTAMP(status_fail_date), UNIX_TIMESTAMP(status_rec_date), status_last_error, min_time, max_time, cur_time, avg_time, total_polls, failed_polls, availability, snmp_sysUpTimeInstance, snmp_sysDescr, snmp_sysObjectID, snmp_sysContact, snmp_sysName, snmp_sysLocation FROM host WHERE id = 42 AND deleted = ''
### main query4
SELECT SQL_NO_CACHE data_query_id, action, op, assert_value, arg1 FROM poller_reindex WHERE host_id = 42
### main query5
SELECT SQL_NO_CACHE action, hostname, snmp_community, snmp_version, snmp_username, snmp_password, rrd_name, rrd_path, arg1, arg2, arg3, local_data_id, rrd_num, snmp_port, snmp_timeout, snmp_auth_protocol, snmp_priv_passphrase, snmp_priv_protocol, snmp_context, snmp_engine_id, 'RE' AS re FROM poller_item WHERE host_id = 42 ORDER BY snmp_port LIMIT 0,100
### main query6
UPDATE poller_item SET rrd_next_step = IF(rrd_step = 60, 0, IF(rrd_next_step - 60 < 0, rrd_step - 60, rrd_next_step - 60)) WHERE host_id = 42
### main query8
INSERT INTO poller_output (local_data_id, rrd_name, time, output) VALUES
### main query9
SELECT SQL_NO_CACHE snmp_port, count(snmp_port) FROM poller_item WHERE host_id = 42 GROUP BY snmp_port LIMIT 0,100
### main query10
SELECT SQL_NO_CACHE snmp_port, count(snmp_port) FROM poller_item WHERE host_id = 42 GROUP BY snmp_port LIMIT 0,100
### main posuffix
 ON DUPLICATE KEY UPDATE output=VALUES(output)
== MAIN ports=2 onupd=1 ==
### main query1
SELECT SQL_NO_CACHE action, hostname, snmp_community, snmp_version, snmp_username, snmp_password, rrd_name, rrd_path, arg1, arg2, arg3, local_data_id, rrd_num, snmp_port, snmp_timeout, snmp_auth_protocol, snmp_priv_passphrase, snmp_priv_protocol, snmp_context, snmp_engine_id, 'RE' AS re FROM poller_item WHERE host_id = 42 AND deleted = '' ORDER BY snmp_port LIMIT 0,100
### main query2
SELECT SQL_NO_CACHE id, hostname, snmp_community, snmp_version, snmp_username, snmp_password, snmp_auth_protocol, snmp_priv_passphrase, snmp_priv_protocol, snmp_context, snmp_engine_id, snmp_port, snmp_timeout, max_oids, availability_method, ping_method, ping_port, ping_timeout, ping_retries, status, status_event_count, UNIX_TIMESTAMP(status_fail_date), UNIX_TIMESTAMP(status_rec_date), status_last_error, min_time, max_time, cur_time, avg_time, total_polls, failed_polls, availability, snmp_sysUpTimeInstance, snmp_sysDescr, snmp_sysObjectID, snmp_sysContact, snmp_sysName, snmp_sysLocation FROM host WHERE id = 42 AND deleted = ''
### main query4
SELECT SQL_NO_CACHE data_query_id, action, op, assert_value, arg1 FROM poller_reindex WHERE host_id = 42
### main query5
SELECT SQL_NO_CACHE action, hostname, snmp_community, snmp_version, snmp_username, snmp_password, rrd_name, rrd_path, arg1, arg2, arg3, local_data_id, rrd_num, snmp_port, snmp_timeout, snmp_auth_protocol, snmp_priv_passphrase, snmp_priv_protocol, snmp_context, snmp_engine_id, 'RE' AS re FROM poller_item WHERE host_id = 42 ORDER BY snmp_port LIMIT 0,100
### main query6
UPDATE poller_item SET rrd_next_step = IF(rrd_step = 60, 0, IF(rrd_next_step - 60 < 0, rrd_step - 60, rrd_next_step - 60)) WHERE host_id = 42
### main query8
INSERT INTO poller_output (local_data_id, rrd_name, time, output) VALUES
### main query9
SELECT SQL_NO_CACHE snmp_port, count(snmp_port) FROM poller_item WHERE host_id = 42 GROUP BY snmp_port LIMIT 0,100
### main query10
SELECT SQL_NO_CACHE snmp_port, count(snmp_port) FROM poller_item WHERE host_id = 42 GROUP BY snmp_port LIMIT 0,100
### main posuffix
 AS rs ON DUPLICATE KEY UPDATE output=rs.output
== REMOTE ports=1 onupd=0 pid=3 ==
### remote query1
SELECT SQL_NO_CACHE action, hostname, snmp_community, snmp_version, snmp_username, snmp_password, rrd_name, rrd_path, arg1, arg2, arg3, local_data_id, rrd_num, snmp_port, snmp_timeout, snmp_auth_protocol, snmp_priv_passphrase, snmp_priv_protocol, snmp_context, snmp_engine_id, 'RE' AS re FROM poller_item WHERE host_id = 42 AND poller_id=3 LIMIT 0,100
### remote query2
SELECT SQL_NO_CACHE id, hostname, snmp_community, snmp_version, snmp_username, snmp_password, snmp_auth_protocol, snmp_priv_passphrase, snmp_priv_protocol, snmp_context, snmp_engine_id, snmp_port, snmp_timeout, max_oids, availability_method, ping_method, ping_port, ping_timeout, ping_retries, status, status_event_count, UNIX_TIMESTAMP(status_fail_date), UNIX_TIMESTAMP(status_rec_date), status_last_error, min_time, max_time, cur_time, avg_time, total_polls, failed_polls, availability, snmp_sysUpTimeInstance, snmp_sysDescr, snmp_sysObjectID, snmp_sysContact, snmp_sysName, snmp_sysLocation FROM host WHERE id = 42 AND deleted = ''
### remote query4
SELECT SQL_NO_CACHE data_query_id, action, op, assert_value, arg1 FROM poller_reindex WHERE host_id = 42
### remote query5
SELECT SQL_NO_CACHE action, hostname, snmp_community, snmp_version, snmp_username, snmp_password, rrd_name, rrd_path, arg1, arg2, arg3, local_data_id, rrd_num, snmp_port, snmp_timeout, snmp_auth_protocol, snmp_priv_passphrase, snmp_priv_protocol, snmp_context, snmp_engine_id, 'RE' AS re FROM poller_item WHERE host_id = 42 AND poller_id = 3 LIMIT 0,100
### remote query6
UPDATE poller_item SET rrd_next_step = IF(rrd_step = 60, 0, IF(rrd_next_step - 60 < 0, rrd_step - 60, rrd_next_step - 60)) WHERE host_id = 42 AND poller_id = 3
### remote query8
INSERT INTO poller_output (local_data_id, rrd_name, time, output) VALUES
### remote query9
SELECT SQL_NO_CACHE snmp_port, count(snmp_port) FROM poller_item WHERE host_id = 42 AND poller_id = 3 GROUP BY snmp_port LIMIT 0,100
### remote query10
SELECT SQL_NO_CACHE snmp_port, count(snmp_port) FROM poller_item WHERE host_id = 42 AND poller_id = 3 GROUP BY snmp_port LIMIT 0,100
### remote posuffix
 ON DUPLICATE KEY UPDATE output=VALUES(output)
== REMOTE ports=1 onupd=1 pid=7 ==
### remote query1
SELECT SQL_NO_CACHE action, hostname, snmp_community, snmp_version, snmp_username, snmp_password, rrd_name, rrd_path, arg1, arg2, arg3, local_data_id, rrd_num, snmp_port, snmp_timeout, snmp_auth_protocol, snmp_priv_passphrase, snmp_priv_protocol, snmp_context, snmp_engine_id, 'RE' AS re FROM poller_item WHERE host_id = 42 AND poller_id=7 LIMIT 0,100
### remote query2
SELECT SQL_NO_CACHE id, hostname, snmp_community, snmp_version, snmp_username, snmp_password, snmp_auth_protocol, snmp_priv_passphrase, snmp_priv_protocol, snmp_context, snmp_engine_id, snmp_port, snmp_timeout, max_oids, availability_method, ping_method, ping_port, ping_timeout, ping_retries, status, status_event_count, UNIX_TIMESTAMP(status_fail_date), UNIX_TIMESTAMP(status_rec_date), status_last_error, min_time, max_time, cur_time, avg_time, total_polls, failed_polls, availability, snmp_sysUpTimeInstance, snmp_sysDescr, snmp_sysObjectID, snmp_sysContact, snmp_sysName, snmp_sysLocation FROM host WHERE id = 42 AND deleted = ''
### remote query4
SELECT SQL_NO_CACHE data_query_id, action, op, assert_value, arg1 FROM poller_reindex WHERE host_id = 42
### remote query5
SELECT SQL_NO_CACHE action, hostname, snmp_community, snmp_version, snmp_username, snmp_password, rrd_name, rrd_path, arg1, arg2, arg3, local_data_id, rrd_num, snmp_port, snmp_timeout, snmp_auth_protocol, snmp_priv_passphrase, snmp_priv_protocol, snmp_context, snmp_engine_id, 'RE' AS re FROM poller_item WHERE host_id = 42 AND poller_id = 7 LIMIT 0,100
### remote query6
UPDATE poller_item SET rrd_next_step = IF(rrd_step = 60, 0, IF(rrd_next_step - 60 < 0, rrd_step - 60, rrd_next_step - 60)) WHERE host_id = 42 AND poller_id = 7
### remote query8
INSERT INTO poller_output (local_data_id, rrd_name, time, output) VALUES
### remote query9
SELECT SQL_NO_CACHE snmp_port, count(snmp_port) FROM poller_item WHERE host_id = 42 AND poller_id = 7 GROUP BY snmp_port LIMIT 0,100
### remote query10
SELECT SQL_NO_CACHE snmp_port, count(snmp_port) FROM poller_item WHERE host_id = 42 AND poller_id = 7 GROUP BY snmp_port LIMIT 0,100
### remote posuffix
 ON DUPLICATE KEY UPDATE output=VALUES(output)
== REMOTE ports=2 onupd=0 pid=3 ==
### remote query1
SELECT SQL_NO_CACHE action, hostname, snmp_community, snmp_version, snmp_username, snmp_password, rrd_name, rrd_path, arg1, arg2, arg3, local_data_id, rrd_num, snmp_port, snmp_timeout, snmp_auth_protocol, snmp_priv_passphrase, snmp_priv_protocol, snmp_context, snmp_engine_id, 'RE' AS re FROM poller_item WHERE host_id = 42 AND poller_id=3 ORDER BY snmp_port LIMIT 0,100
### remote query2
SELECT SQL_NO_CACHE id, hostname, snmp_community, snmp_version, snmp_username, snmp_password, snmp_auth_protocol, snmp_priv_passphrase, snmp_priv_protocol, snmp_context, snmp_engine_id, snmp_port, snmp_timeout, max_oids, availability_method, ping_method, ping_port, ping_timeout, ping_retries, status, status_event_count, UNIX_TIMESTAMP(status_fail_date), UNIX_TIMESTAMP(status_rec_date), status_last_error, min_time, max_time, cur_time, avg_time, total_polls, failed_polls, availability, snmp_sysUpTimeInstance, snmp_sysDescr, snmp_sysObjectID, snmp_sysContact, snmp_sysName, snmp_sysLocation FROM host WHERE id = 42 AND deleted = ''
### remote query4
SELECT SQL_NO_CACHE data_query_id, action, op, assert_value, arg1 FROM poller_reindex WHERE host_id = 42
### remote query5
SELECT SQL_NO_CACHE action, hostname, snmp_community, snmp_version, snmp_username, snmp_password, rrd_name, rrd_path, arg1, arg2, arg3, local_data_id, rrd_num, snmp_port, snmp_timeout, snmp_auth_protocol, snmp_priv_passphrase, snmp_priv_protocol, snmp_context, snmp_engine_id, 'RE' AS re FROM poller_item WHERE host_id = 42 AND poller_id = 3 ORDER BY snmp_port LIMIT 0,100
### remote query6
UPDATE poller_item SET rrd_next_step = IF(rrd_step = 60, 0, IF(rrd_next_step - 60 < 0, rrd_step - 60, rrd_next_step - 60)) WHERE host_id = 42 AND poller_id = 3
### remote query8
INSERT INTO poller_output (local_data_id, rrd_name, time, output) VALUES
### remote query9
SELECT SQL_NO_CACHE snmp_port, count(snmp_port) FROM poller_item WHERE host_id = 42 AND poller_id = 3 GROUP BY snmp_port LIMIT 0,100
### remote query10
SELECT SQL_NO_CACHE snmp_port, count(snmp_port) FROM poller_item WHERE host_id = 42 AND poller_id = 3 GROUP BY snmp_port LIMIT 0,100
### remote posuffix
 ON DUPLICATE KEY UPDATE output=VALUES(output)
== REMOTE ports=2 onupd=1 pid=7 ==
### remote query1
SELECT SQL_NO_CACHE action, hostname, snmp_community, snmp_version, snmp_username, snmp_password, rrd_name, rrd_path, arg1, arg2, arg3, local_data_id, rrd_num, snmp_port, snmp_timeout, snmp_auth_protocol, snmp_priv_passphrase, snmp_priv_protocol, snmp_context, snmp_engine_id, 'RE' AS re FROM poller_item WHERE host_id = 42 AND poller_id=7 ORDER BY snmp_port LIMIT 0,100
### remote query2
SELECT SQL_NO_CACHE id, hostname, snmp_community, snmp_version, snmp_username, snmp_password, snmp_auth_protocol, snmp_priv_passphrase, snmp_priv_protocol, snmp_context, snmp_engine_id, snmp_port, snmp_timeout, max_oids, availability_method, ping_method, ping_port, ping_timeout, ping_retries, status, status_event_count, UNIX_TIMESTAMP(status_fail_date), UNIX_TIMESTAMP(status_rec_date), status_last_error, min_time, max_time, cur_time, avg_time, total_polls, failed_polls, availability, snmp_sysUpTimeInstance, snmp_sysDescr, snmp_sysObjectID, snmp_sysContact, snmp_sysName, snmp_sysLocation FROM host WHERE id = 42 AND deleted = ''
### remote query4
SELECT SQL_NO_CACHE data_query_id, action, op, assert_value, arg1 FROM poller_reindex WHERE host_id = 42
### remote query5
SELECT SQL_NO_CACHE action, hostname, snmp_community, snmp_version, snmp_username, snmp_password, rrd_name, rrd_path, arg1, arg2, arg3, local_data_id, rrd_num, snmp_port, snmp_timeout, snmp_auth_protocol, snmp_priv_passphrase, snmp_priv_protocol, snmp_context, snmp_engine_id, 'RE' AS re FROM poller_item WHERE host_id = 42 AND poller_id = 7 ORDER BY snmp_port LIMIT 0,100
### remote query6
UPDATE poller_item SET rrd_next_step = IF(rrd_step = 60, 0, IF(rrd_next_step - 60 < 0, rrd_step - 60, rrd_next_step - 60)) WHERE host_id = 42 AND poller_id = 7
### remote query8
INSERT INTO poller_output (local_data_id, rrd_name, time, output) VALUES
### remote query9
SELECT SQL_NO_CACHE snmp_port, count(snmp_port) FROM poller_item WHERE host_id = 42 AND poller_id = 7 GROUP BY snmp_port LIMIT 0,100
### remote query10
SELECT SQL_NO_CACHE snmp_port, count(snmp_port) FROM poller_item WHERE host_id = 42 AND poller_id = 7 GROUP BY snmp_port LIMIT 0,100
### remote posuffix
 ON DUPLICATE KEY UPDATE output=VALUES(output)
